// Jest Snapshot v1, https://goo.gl/fbAQLP

exports[`snapshot test match 1`] = `
Object {
  "Parameters": Object {
    "AssetParametersc0e183d4d033462ab23af64f704ef92eb2a163d7f9f4ef841443adb4f6225791ArtifactHashA4A1C80E": Object {
      "Description": "Artifact hash for asset \\"c0e183d4d033462ab23af64f704ef92eb2a163d7f9f4ef841443adb4f6225791\\"",
      "Type": "String",
    },
    "AssetParametersc0e183d4d033462ab23af64f704ef92eb2a163d7f9f4ef841443adb4f6225791S3BucketE32087DA": Object {
      "Description": "S3 bucket for asset \\"c0e183d4d033462ab23af64f704ef92eb2a163d7f9f4ef841443adb4f6225791\\"",
      "Type": "String",
    },
    "AssetParametersc0e183d4d033462ab23af64f704ef92eb2a163d7f9f4ef841443adb4f6225791S3VersionKey24FAAAD6": Object {
      "Description": "S3 key for asset version \\"c0e183d4d033462ab23af64f704ef92eb2a163d7f9f4ef841443adb4f6225791\\"",
      "Type": "String",
    },
  },
  "Resources": Object {
    "matureexecutionrole7C1F1FE4": Object {
      "Properties": Object {
        "AssumeRolePolicyDocument": Object {
          "Statement": Array [
            Object {
              "Action": "sts:AssumeRole",
              "Effect": "Allow",
              "Principal": Object {
                "Service": "lambda.amazonaws.com",
              },
            },
          ],
          "Version": "2012-10-17",
        },
        "ManagedPolicyArns": Array [
          Object {
            "Fn::Join": Array [
              "",
              Array [
                "arn:",
                Object {
                  "Ref": "AWS::Partition",
                },
                ":iam::aws:policy/service-role/AWSLambdaBasicExecutionRole",
              ],
            ],
          },
        ],
        "RoleName": "mature-execution-role",
      },
      "Type": "AWS::IAM::Role",
    },
    "matureexecutionroleDefaultPolicyB02C4895": Object {
      "Properties": Object {
        "PolicyDocument": Object {
          "Statement": Array [
            Object {
              "Action": "ssm:GetParameters",
              "Effect": "Allow",
              "Resource": Array [
                Object {
                  "Fn::Join": Array [
                    "",
                    Array [
                      "arn:aws:ssm:",
                      Object {
                        "Ref": "AWS::Region",
                      },
                      ":",
                      Object {
                        "Ref": "AWS::AccountId",
                      },
                      ":parameter/mature/production/access-token",
                    ],
                  ],
                },
                Object {
                  "Fn::Join": Array [
                    "",
                    Array [
                      "arn:aws:ssm:",
                      Object {
                        "Ref": "AWS::Region",
                      },
                      ":",
                      Object {
                        "Ref": "AWS::AccountId",
                      },
                      ":parameter/mature/production/device-id/*",
                    ],
                  ],
                },
              ],
            },
            Object {
              "Action": "cloudwatch:PutMetricData",
              "Condition": Object {
                "StringEquals": Object {
                  "cloudwatch:namespace": "NatureRemo/RoomMetrics",
                },
              },
              "Effect": "Allow",
              "Resource": "*",
            },
            Object {
              "Action": Array [
                "xray:PutTraceSegments",
                "xray:PutTelemetryRecords",
              ],
              "Effect": "Allow",
              "Resource": "*",
            },
          ],
          "Version": "2012-10-17",
        },
        "PolicyName": "matureexecutionroleDefaultPolicyB02C4895",
        "Roles": Array [
          Object {
            "Ref": "matureexecutionrole7C1F1FE4",
          },
        ],
      },
      "Type": "AWS::IAM::Policy",
    },
    "maturefunctionCurrentVersion7961BCFE4d6f5ceae02142652d931542c4361806": Object {
      "DeletionPolicy": "Retain",
      "Properties": Object {
        "FunctionName": Object {
          "Ref": "maturefunctionD957EC05",
        },
      },
      "Type": "AWS::Lambda::Version",
      "UpdateReplacePolicy": "Retain",
    },
    "maturefunctionCurrentVersionAliasdevelopment0024E1F3": Object {
      "Properties": Object {
        "FunctionName": Object {
          "Ref": "maturefunctionD957EC05",
        },
        "FunctionVersion": Object {
          "Fn::GetAtt": Array [
            "maturefunctionCurrentVersion7961BCFE4d6f5ceae02142652d931542c4361806",
            "Version",
          ],
        },
        "Name": "development",
      },
      "Type": "AWS::Lambda::Alias",
    },
    "maturefunctionCurrentVersionEventInvokeConfigD3994A1F": Object {
      "Properties": Object {
        "FunctionName": Object {
          "Ref": "maturefunctionD957EC05",
        },
        "MaximumRetryAttempts": 0,
        "Qualifier": Object {
          "Fn::GetAtt": Array [
            "maturefunctionCurrentVersion7961BCFE4d6f5ceae02142652d931542c4361806",
            "Version",
          ],
        },
      },
      "Type": "AWS::Lambda::EventInvokeConfig",
    },
    "maturefunctionD957EC05": Object {
      "DependsOn": Array [
        "matureexecutionroleDefaultPolicyB02C4895",
        "matureexecutionrole7C1F1FE4",
      ],
      "Properties": Object {
        "Code": Object {
          "S3Bucket": Object {
            "Ref": "AssetParametersc0e183d4d033462ab23af64f704ef92eb2a163d7f9f4ef841443adb4f6225791S3BucketE32087DA",
          },
          "S3Key": Object {
            "Fn::Join": Array [
              "",
              Array [
                Object {
                  "Fn::Select": Array [
                    0,
                    Object {
                      "Fn::Split": Array [
                        "||",
                        Object {
                          "Ref": "AssetParametersc0e183d4d033462ab23af64f704ef92eb2a163d7f9f4ef841443adb4f6225791S3VersionKey24FAAAD6",
                        },
                      ],
                    },
                  ],
                },
                Object {
                  "Fn::Select": Array [
                    1,
                    Object {
                      "Fn::Split": Array [
                        "||",
                        Object {
                          "Ref": "AssetParametersc0e183d4d033462ab23af64f704ef92eb2a163d7f9f4ef841443adb4f6225791S3VersionKey24FAAAD6",
                        },
                      ],
                    },
                  ],
                },
              ],
            ],
          },
        },
        "Environment": Object {
          "Variables": Object {
            "MATURE_ACCESS_TOKEN_KEY": "/mature/production/access-token",
            "MATURE_DEVICE_ID_KEY": "/mature/production/device-id/main-room",
          },
        },
        "FunctionName": "mature",
        "Handler": "mature",
        "MemorySize": 256,
        "Role": Object {
          "Fn::GetAtt": Array [
            "matureexecutionrole7C1F1FE4",
            "Arn",
          ],
        },
        "Runtime": "go1.x",
        "Timeout": 30,
        "TracingConfig": Object {
          "Mode": "Active",
        },
      },
      "Type": "AWS::Lambda::Function",
    },
    "maturefunctionversionproductionAliasproduction32297CA3": Object {
      "Properties": Object {
        "FunctionName": Object {
          "Fn::Select": Array [
            6,
            Object {
              "Fn::Split": Array [
                ":",
                Object {
                  "Fn::Join": Array [
                    "",
                    Array [
                      Object {
                        "Fn::GetAtt": Array [
                          "maturefunctionD957EC05",
                          "Arn",
                        ],
                      },
                      ":",
                      Object {
                        "Fn::GetAtt": Array [
                          "maturefunctionCurrentVersion7961BCFE4d6f5ceae02142652d931542c4361806",
                          "Version",
                        ],
                      },
                    ],
                  ],
                },
              ],
            },
          ],
        },
        "FunctionVersion": Object {
          "Fn::Select": Array [
            7,
            Object {
              "Fn::Split": Array [
                ":",
                Object {
                  "Fn::Join": Array [
                    "",
                    Array [
                      Object {
                        "Fn::GetAtt": Array [
                          "maturefunctionD957EC05",
                          "Arn",
                        ],
                      },
                      ":",
                      Object {
                        "Fn::GetAtt": Array [
                          "maturefunctionCurrentVersion7961BCFE4d6f5ceae02142652d931542c4361806",
                          "Version",
                        ],
                      },
                    ],
                  ],
                },
              ],
            },
          ],
        },
        "Name": "production",
      },
      "Type": "AWS::Lambda::Alias",
    },
    "maturerule923D5378": Object {
      "Properties": Object {
        "Name": "mature-rule",
        "ScheduleExpression": "rate(1 minute)",
        "State": "ENABLED",
        "Targets": Array [
          Object {
            "Arn": Object {
              "Ref": "maturefunctionversionproductionAliasproduction32297CA3",
            },
            "Id": "Target0",
          },
        ],
      },
      "Type": "AWS::Events::Rule",
    },
    "matureruleAllowEventRuleTestMatureStackmaturerule1D2183119212A4EF": Object {
      "Properties": Object {
        "Action": "lambda:InvokeFunction",
        "FunctionName": Object {
          "Ref": "maturefunctionversionproductionAliasproduction32297CA3",
        },
        "Principal": "events.amazonaws.com",
        "SourceArn": Object {
          "Fn::GetAtt": Array [
            "maturerule923D5378",
            "Arn",
          ],
        },
      },
      "Type": "AWS::Lambda::Permission",
    },
  },
}
`;
